, Word 1, Word 2, Word 3, Word 4, Word 5, Word 6, Word 7, Word 8, Word 9, Word 10, Word 11, Word 12
Sentence 1, he, shocking, shouted, was, What, 你这肮脏的掠夺者, 停在那儿
Sentence 2, a, because, Chinese, couldn't, I, isn't, mother, my, perhaps, tongue, understand, word
Sentence 3, around, furious, he, I, just, marching, Mr., standing, there, was, was, watching, Young
Sentence 4, anger, at, directing, he, his, me, was, Why
Sentence 5, about, did, I, know, Little, that