, Word 1, Word 2, Word 3, Word 4, Word 5, Word 6, Word 7, Word 8
Sentence 1, a, had, lamb, little, Marry
Sentence 2, Aesop, and, called, came, for, Peter, the, wolf
