<?xml version="1.0" encoding="UTF-8" standalone="yes"?>
<text>
<sentence><word>Marry</word><word>had</word><word>a</word><word>little</word><word>lamb</word></sentence>
<sentence><word>Peter</word><word>called</word><word>for</word><word>the</word><word>wolf</word><word>and</word><word>Aesop</word><word>came</word></sentence>
</text>
